// Jest Snapshot v1, https://goo.gl/fbAQLP

exports[`AddOrUpdateCategory renders snapshots 1`] = `
"<div class=\\"ui-provider\\" dir=\\"ltr\\" data-uses-unhanded-props=\\"true\\">
  <div class=\\"ui-flex\\" data-testid=\\"addorupdateform\\" data-uses-unhanded-props=\\"true\\">
    <div class=\\"ui-flex\\" data-uses-unhanded-props=\\"true\\">
      <div class=\\"ui-flex\\" data-uses-unhanded-props=\\"true\\"><span class=\\"ui-text\\" dir=\\"auto\\" data-uses-unhanded-props=\\"true\\">categoryName*</span></div>
      <div class=\\"ui-box ui-input\\" data-aa-class=\\"Input\\" data-testid=\\"categoryname\\" data-uses-unhanded-props=\\"true\\"><input class=\\"ui-box ui-input__input\\" required=\\"\\" placeholder=\\"enterNamePlaceholder\\" maxlength=\\"100\\" type=\\"text\\" data-uses-unhanded-props=\\"true\\" value=\\"\\"></div>
    </div>
    <div class=\\"ui-flex\\" data-uses-unhanded-props=\\"true\\"><span class=\\"ui-text\\" dir=\\"auto\\" data-uses-unhanded-props=\\"true\\">description*</span><textarea class=\\"ui-textarea add-update-category-description\\" data-aa-class=\\"TextArea\\" placeholder=\\"categoryDescriptionPlaceholder\\" maxlength=\\"300\\" data-testid=\\"categorydescription\\"></textarea></div>
    <div class=\\"ui-flex manage-categories-footer\\" data-uses-unhanded-props=\\"true\\"><button data-aa-class=\\"Button\\" class=\\"ui-button back-button\\" data-testid=\\"backbutton\\" data-uses-unhanded-props=\\"true\\">
        <div class=\\"ui-box\\" data-uses-unhanded-props=\\"true\\"><span role=\\"img\\" aria-hidden=\\"true\\" class=\\"ui-icon\\"><svg role=\\"presentation\\" focusable=\\"false\\" viewBox=\\"8 8 16 16\\"><g><path class=\\"ui-icon__outline\\" d=\\"M19 22.97c0 .14-.05.25-.15.35a.485.485 0 0 1-.7 0l-7-7a.485.485 0 0 1 0-.7l7-7a.485.485 0 0 1 .7 0c.1.1.15.21.15.35 0 .14-.05.25-.15.35l-6.64 6.65 6.64 6.65c.1.1.15.21.15.35z\\"></path><path class=\\"ui-icon__filled\\" d=\\"M19.5 8.97c0 .14-.03.27-.07.39-.05.12-.12.23-.21.32l-6.3 6.29 6.3 6.29c.09.09.17.2.21.32a1.036 1.036 0 0 1-.01.77c-.05.12-.13.23-.22.32s-.2.16-.32.22a.995.995 0 0 1-1.09-.21l-7-7c-.19-.19-.29-.43-.29-.71s.1-.52.29-.71l7-7a.995.995 0 0 1 1.09-.21c.12.06.23.13.32.22s.16.2.22.32c.05.12.08.25.08.38z\\"></path></g></svg></span></div><span dir=\\"auto\\" class=\\"ui-button__content\\" data-uses-unhanded-props=\\"true\\">Back</span>
      </button>
      <div class=\\"ui-flex\\" data-uses-unhanded-props=\\"true\\"><button disabled=\\"\\" aria-disabled=\\"true\\" data-aa-class=\\"Button\\" class=\\"ui-button\\" data-testid=\\"manage-categories-operation-footer_button\\" data-uses-unhanded-props=\\"true\\"><span dir=\\"auto\\" class=\\"ui-button__content\\" data-uses-unhanded-props=\\"true\\">addCategory</span></button></div>
    </div>
  </div>
</div>"
`;
